Microchip MPLAB XC8 Compiler V2.41

Linker command line:

-W-3 \
  --edf=C:\Program Files\Microchip\xc8\v2.41\pic\dat\20230208172133_en.msgs \
  -cn -h+dist/default/debug\Kartdigital_code.X.debug.sym \
  --cmf=dist/default/debug\Kartdigital_code.X.debug.cmf -z -Q16F887 \
  -oC:\Users\diego\AppData\Local\Temp\xcBsnt0.1\driver_tmp_3.o \
  --defsym=__MPLAB_BUILD=1 --fixupoverflow=error \
  -Mdist/default/debug/Kartdigital_code.X.debug.map \
  --md=C:\Users\diego\AppData\Local\Temp\xcBsnt0.1\driver_tmp_0.dat -E1 \
  -ver=XC8 Compiler --acfsm=1493 -ACODE=00h-07FFhx4 -ASTRCODE=00h-01FFFh \
  -ASTRING=00h-0FFhx32 -ACONST=00h-0FFhx32 -AENTRY=00h-0FFhx32 \
  -ACOMMON=070h-07Fh -ABANK0=020h-06Fh -ABANK1=0A0h-0EFh \
  -ABANK2=0110h-016Fh -ABANK3=0190h-01EFh \
  -ARAM=020h-06Fh,0A0h-0EFh,0110h-016Fh,0190h-01EFh \
  -AABS1=020h-07Fh,0A0h-0EFh,0110h-016Fh,0190h-01EFh -ASFR0=00h-01Fh \
  -ASFR1=080h-09Fh -ASFR2=0100h-010Fh -ASFR3=0180h-018Fh \
  -ACONFIG=02007h-02008h -DCONFIG=2 -AIDLOC=02000h-02003h -DIDLOC=2 \
  -AEEDATA=00h-0FFh/02100h -peeprom_data=EEDATA -DEEDATA=2 -DCODE=2 \
  -DSTRCODE=2 -DSTRING=2 -DCONST=2 -DENTRY=2 \
  -preset_vec=00h,intentry,init,end_init -ppowerup=CODE -pcinit=CODE \
  -pfunctab=ENTRY -k \
  C:\Users\diego\AppData\Local\Temp\xcBsnt0.1\driver_tmp_12.o \
  dist/default/debug\Kartdigital_code.X.debug.o 

Object code version is 3.11

Machine type is 16F887



                Name                               Link     Load   Length Selector   Space Scale
C:\Users\diego\AppData\Local\Temp\xcBsnt0.1\driver_tmp_12.o
                end_init                              0        0        3        0       0
                config                             2007     2007        2        0       4
                idloc                              2000     2000        4        0       5
dist/default/debug\Kartdigital_code.X.debug.o
                cinit                               7EE      7EE       12      FDC       0
                config                             2007     2007        2        0       4
                idloc                              2000     2000        4        0       5
                text16                              391      391        D      722       0
                text15                              415      415       2E      82A       0
                text14                              375      375        9      6EA       0
                text13                              37E      37E        9      6FC       0
                text12                              387      387        A      70E       0
                text11                              3F3      3F3       22      7E6       0
                text10                              39E      39E       1A      73C       0
                text9                               54F      54F       5D      A9E       0
                text8                               4B0      4B0       46      960       0
                text7                               443      443       35      886       0
                text6                               3D2      3D2       21      7A4       0
                text5                               612      612       67      C24       0
                text4                               4F6      4F6       59      9EC       0
                text3                               5AC      5AC       66      B58       0
                text2                               478      478       38      8F0       0
                text1                               3B8      3B8       1A      770       0
                maintext                            679      679      175      CF2       0
                cstackBANK0                          20       20        A       20       1
                cstackCOMMON                         70       70        E       70       1
                dataBANK0                            32       32        1       20       1
                bssBANK0                             2A       2A        8       20       1
                strings                               3        3       15        6       0
                idataBANK0                          374      374        1      6E8       0

TOTAL           Name                               Link     Load   Length     Space
        CLASS   CODE           
                end_init                              0        0        3         0
                cinit                               7EE      7EE       12         0
                text16                              391      391        D         0
                text15                              415      415       2E         0
                text14                              375      375        9         0
                text13                              37E      37E        9         0
                text12                              387      387        A         0
                text11                              3F3      3F3       22         0
                text10                              39E      39E       1A         0
                text9                               54F      54F       5D         0
                text8                               4B0      4B0       46         0
                text7                               443      443       35         0
                text6                               3D2      3D2       21         0
                text5                               612      612       67         0
                text4                               4F6      4F6       59         0
                text3                               5AC      5AC       66         0
                text2                               478      478       38         0
                text1                               3B8      3B8       1A         0
                maintext                            679      679      175         0
                idataBANK0                          374      374        1         0

        CLASS   STRCODE        

        CLASS   STRING         
                strings                               3        3       15         0

        CLASS   CONST          

        CLASS   ENTRY          

        CLASS   COMMON         
                cstackCOMMON                         70       70        E         1

        CLASS   BANK0          
                cstackBANK0                          20       20        A         1
                dataBANK0                            32       32        1         1
                bssBANK0                             2A       2A        8         1

        CLASS   BANK1          

        CLASS   BANK2          

        CLASS   BANK3          

        CLASS   RAM            

        CLASS   ABS1           
                abs_s1                               7E       7E        2         1

        CLASS   SFR0           

        CLASS   SFR1           

        CLASS   SFR2           

        CLASS   SFR3           

        CLASS   CONFIG         
                config                             2007     2007        2         4

        CLASS   IDLOC          
                idloc                              2000     2000        4         5

        CLASS   EEDATA         

        CLASS   STACK          



SEGMENTS        Name                           Load    Length   Top    Selector   Space  Class     Delta

                reset_vec                      000000  000003  000003         0       0  CODE        2
                strings                        000003  000015  000018         6       0  STRING      2
                cstackBANK0                    000020  000013  000033        20       1  BANK0       1
                cstackCOMMON                   000070  00000E  00007E        70       1  COMMON      1
                idataBANK0                     000374  000001  000375       6E8       0  CODE        2
                text14                         000375  000009  00037E       6EA       0  CODE        2
                text13                         00037E  000009  000387       6FC       0  CODE        2
                text12                         000387  00000A  000391       70E       0  CODE        2
                text16                         000391  00000D  00039E       722       0  CODE        2
                text10                         00039E  00001A  0003B8       73C       0  CODE        2
                text1                          0003B8  00001A  0003D2       770       0  CODE        2
                text6                          0003D2  000021  0003F3       7A4       0  CODE        2
                text11                         0003F3  000022  000415       7E6       0  CODE        2
                text15                         000415  00002E  000443       82A       0  CODE        2
                text7                          000443  000035  000478       886       0  CODE        2
                text2                          000478  000038  0004B0       8F0       0  CODE        2
                text8                          0004B0  000046  0004F6       960       0  CODE        2
                text4                          0004F6  000059  00054F       9EC       0  CODE        2
                text9                          00054F  00005D  0005AC       A9E       0  CODE        2
                text3                          0005AC  000066  000612       B58       0  CODE        2
                text5                          000612  000067  000679       C24       0  CODE        2
                maintext                       000679  000175  0007EE       CF2       0  CODE        2
                cinit                          0007EE  000012  000800       FDC       0  CODE        2


UNUSED ADDRESS RANGES

        Name                Unused          Largest block    Delta
        BANK0            0033-006F             3D           1
        BANK1            00A0-00EF             50           1
        BANK2            0110-016F             60           1
        BANK3            0190-01EF             60           1
        CODE             0018-0373            35C           2
                         0800-1FFF            800
        CONST            0018-0373            100           2
                         0800-1FFF            100
        EEDATA           2100-21FF            100           2
        ENTRY            0018-0373            100           2
                         0800-1FFF            100
        RAM              0033-006F             3D           1
                         00A0-00EF             50
                         0110-016F             60
                         0190-01EF             60
        SFR0             0000-001F             20           1
        SFR1             0080-009F             20           1
        SFR2             0100-010F             10           1
        SFR3             0180-018F             10           1
        STRCODE          0018-0373            35C           2
                         0800-1FFF           1800
        STRING           0018-0373            100           2
                         0800-1FFF            100

                                  Symbol Table

?_I2C_Master_Read         cstackCOMMON 0070
?___awdiv                 cstackCOMMON 0070
?___awmod                 cstackCOMMON 0078
?___lldiv                 cstackCOMMON 0070
I2C_Master_Init@c         cstackBANK0  0020
I2C_Master_Read@a         cstackCOMMON 0070
I2C_Master_Read@temp      cstackCOMMON 0074
I2C_Master_Write@d        cstackCOMMON 0070
Lcd_Cmd@a                 cstackCOMMON 0073
Lcd_Port@a                cstackCOMMON 0070
Lcd_Set_Cursor@a          cstackCOMMON 0076
Lcd_Set_Cursor@b          cstackCOMMON 0074
Lcd_Set_Cursor@temp       cstackCOMMON 0079
Lcd_Set_Cursor@y          cstackCOMMON 0078
Lcd_Set_Cursor@z          cstackCOMMON 0077
Lcd_Write_Char@a          cstackCOMMON 0074
Lcd_Write_Char@temp       cstackCOMMON 0072
Lcd_Write_Char@y          cstackCOMMON 0073
Lcd_Write_String@a        cstackCOMMON 0078
Lcd_Write_String@i        cstackCOMMON 0076
_ANSEL                    (abs)        0188
_ANSELH                   (abs)        0189
_CREN                     (abs)        00C4
_GIE                      (abs)        005F
_I2C_Master_Init          text2        0478
_I2C_Master_Read          text15       0415
_I2C_Master_Start         text14       0375
_I2C_Master_Stop          text13       037E
_I2C_Master_Wait          text16       0391
_I2C_Master_Write         text12       0387
_Lcd_Cmd                  text10       039E
_Lcd_Init                 text9        054F
_Lcd_Port                 text11       03F3
_Lcd_Set_Cursor           text8        04B0
_Lcd_Write_Char           text7        0443
_Lcd_Write_String         text6        03D2
_OERR                     (abs)        00C1
_PEIE                     (abs)        005E
_PORTB                    (abs)        0006
_PORTD                    (abs)        0008
_PORTDbits                (abs)        0008
_RCIF                     (abs)        0065
_RCREG                    (abs)        001A
_RCSTA                    (abs)        0018
_RD3                      (abs)        0043
_RD4                      (abs)        0044
_RD5                      (abs)        0045
_RD6                      (abs)        0046
_RD7                      (abs)        0047
_SPBRG                    (abs)        0099
_SSPADD                   (abs)        0093
_SSPBUF                   (abs)        0013
_SSPCON                   (abs)        0014
_SSPCON2                  (abs)        0091
_SSPCON2bits              (abs)        0091
_SSPIE                    (abs)        0463
_SSPIF                    (abs)        0063
_SSPSTAT                  (abs)        0094
_TRISB                    (abs)        0086
_TRISC3                   (abs)        043B
_TRISC4                   (abs)        043C
_TRISCbits                (abs)        0087
_TRISD                    (abs)        0088
_TRMT                     (abs)        04C1
_TXREG                    (abs)        0019
_TXSTA                    (abs)        0098
__H__absolute__           __absolute__ 0000
__Habs1                   abs1         0000
__Hbank0                  bank0        0000
__Hbank1                  bank1        0000
__Hbank2                  bank2        0000
__Hbank3                  bank3        0000
__HbssBANK0               bssBANK0     0000
__Hcinit                  cinit        0800
__Hclrtext                clrtext      0000
__Hcode                   code         0000
__Hcommon                 common       0000
__Hconfig                 config       2009
__HcstackBANK0            cstackBANK0  0000
__HcstackCOMMON           cstackCOMMON 0000
__HdataBANK0              dataBANK0    0000
__Heeprom_data            eeprom_data  0000
__Hend_init               end_init     0003
__Hfunctab                functab      0000
__HidataBANK0             idataBANK0   0000
__Hidloc                  idloc        2004
__Hinit                   init         0000
__Hintentry               intentry     0000
__Hmaintext               maintext     0000
__Hpowerup                powerup      0000
__Hram                    ram          0000
__Hreset_vec              reset_vec    0000
__Hsfr0                   sfr0         0000
__Hsfr1                   sfr1         0000
__Hsfr2                   sfr2         0000
__Hsfr3                   sfr3         0000
__Hspace_0                (abs)        0800
__Hspace_1                (abs)        007E
__Hspace_2                (abs)        0000
__Hspace_3                (abs)        0000
__Hspace_4                (abs)        4010
__Hstack                  stack        0000
__Hstrings                strings      0000
__Htext                   text         0000
__L__absolute__           __absolute__ 0000
__Labs1                   abs1         0000
__Lbank0                  bank0        0000
__Lbank1                  bank1        0000
__Lbank2                  bank2        0000
__Lbank3                  bank3        0000
__LbssBANK0               bssBANK0     0000
__Lcinit                  cinit        07EE
__Lclrtext                clrtext      0000
__Lcode                   code         0000
__Lcommon                 common       0000
__Lconfig                 config       0000
__LcstackBANK0            cstackBANK0  0000
__LcstackCOMMON           cstackCOMMON 0000
__LdataBANK0              dataBANK0    0000
__Leeprom_data            eeprom_data  0000
__Lend_init               end_init     0000
__Lfunctab                functab      0000
__LidataBANK0             idataBANK0   0000
__Lidloc                  idloc        0000
__Linit                   init         0000
__Lintentry               intentry     0000
__Lmaintext               maintext     0000
__Lpowerup                powerup      0000
__Lram                    ram          0000
__Lreset_vec              reset_vec    0000
__Lsfr0                   sfr0         0000
__Lsfr1                   sfr1         0000
__Lsfr2                   sfr2         0000
__Lsfr3                   sfr3         0000
__Lspace_0                (abs)        0000
__Lspace_1                (abs)        0000
__Lspace_2                (abs)        0000
__Lspace_3                (abs)        0000
__Lspace_4                (abs)        0000
__Lstack                  stack        0000
__Lstrings                strings      0000
__Ltext                   text         0000
__S0                      (abs)        0800
__S1                      (abs)        007E
__S3                      (abs)        0000
___awdiv                  text5        0612
___awdiv@counter          cstackCOMMON 0074
___awdiv@dividend         cstackCOMMON 0072
___awdiv@divisor          cstackCOMMON 0070
___awdiv@quotient         cstackCOMMON 0076
___awdiv@sign             cstackCOMMON 0075
___awmod                  text4        04F6
___awmod@counter          cstackCOMMON 007C
___awmod@dividend         cstackCOMMON 007A
___awmod@divisor          cstackCOMMON 0078
___awmod@sign             cstackCOMMON 007D
___int_sp                 stack        0000
___latbits                (abs)        0002
___lldiv                  text3        05AC
___lldiv@counter          cstackCOMMON 007D
___lldiv@dividend         cstackCOMMON 0074
___lldiv@divisor          cstackCOMMON 0070
___lldiv@quotient         cstackCOMMON 0079
___sp                     stack        0000
___stackhi                (abs)        0000
___stacklo                (abs)        0000
__end_of_I2C_Master_Init  text2        04B0
__end_of_I2C_Master_Read  text15       0443
__end_of_I2C_Master_Start text14       037E
__end_of_I2C_Master_Stop  text13       0387
__end_of_I2C_Master_Wait  text16       039E
__end_of_I2C_Master_Write text12       0391
__end_of_Lcd_Cmd          text10       03B8
__end_of_Lcd_Init         text9        05AC
__end_of_Lcd_Port         text11       0415
__end_of_Lcd_Set_Cursor   text8        04F6
__end_of_Lcd_Write_Char   text7        0478
__end_of_Lcd_Write_String text6        03F3
__end_of___awdiv          text5        0679
__end_of___awmod          text4        054F
__end_of___lldiv          text3        0612
__end_of__initialization  cinit        07FC
__end_of__stringtab       strings      0009
__end_of_main             maintext     07EE
__end_of_message          strings      0018
__end_of_setup            text1        03D2
__initialization          cinit        07EE
__pbssBANK0               bssBANK0     002A
__pcstackBANK0            cstackBANK0  0020
__pcstackCOMMON           cstackCOMMON 0070
__pdataBANK0              dataBANK0    0032
__pidataBANK0             idataBANK0   0374
__pmaintext               maintext     0679
__pstrings                strings      0003
__ptext1                  text1        03B8
__ptext10                 text10       039E
__ptext11                 text11       03F3
__ptext12                 text12       0387
__ptext13                 text13       037E
__ptext14                 text14       0375
__ptext15                 text15       0415
__ptext16                 text16       0391
__ptext2                  text2        0478
__ptext3                  text3        05AC
__ptext4                  text4        04F6
__ptext5                  text5        0612
__ptext6                  text6        03D2
__ptext7                  text7        0443
__ptext8                  text8        04B0
__ptext9                  text9        054F
__stringbase              strings      0008
__stringtab               strings      0003
_datos                    bssBANK0     0030
_datos2                   bssBANK0     002E
_main                     maintext     0679
_setup                    text1        03B8
_x                        bssBANK0     002C
_y                        bssBANK0     002B
btemp                     (abs)        007E
end_of_initialization     cinit        07FC
intlevel0                 functab      0000
intlevel1                 functab      0000
intlevel2                 functab      0000
intlevel3                 functab      0000
intlevel4                 functab      0000
intlevel5                 functab      0000
reset_vec                 reset_vec    0000
start                     init         0000
start_initialization      cinit        07EE
wtemp0                    (abs)        007E


MODULE INFORMATION

Module		Function		Class		Link	Load	Size
C:\Program Files\Microchip\xc8\v2.41\pic\sources\c90\common\awdiv.c
		___awdiv       		CODE           	0612	0000	103

C:\Program Files\Microchip\xc8\v2.41\pic\sources\c90\common\awdiv.c estimated size: 103

C:\Program Files\Microchip\xc8\v2.41\pic\sources\c90\common\__lldiv.c
		___lldiv       		CODE           	05AC	0000	102

C:\Program Files\Microchip\xc8\v2.41\pic\sources\c90\common\__lldiv.c estimated size: 102

I2C.c
		_I2C_Master_Read		CODE           	0415	0000	46
		_I2C_Master_Wait		CODE           	0391	0000	13
		_I2C_Master_Init		CODE           	0478	0000	56
		_I2C_Master_Stop		CODE           	037E	0000	9
		_I2C_Master_Write		CODE           	0387	0000	10
		_I2C_Master_Start		CODE           	0375	0000	9

I2C.c estimated size: 143

shared
		__stringtab    		STRING         	0003	0000	6
		__initialization		CODE           	07EE	0000	14
		_message       		STRING         	0000	0000	0

shared estimated size: 20

pruebaI2C.c
		_main          		CODE           	0679	0000	373
		_setup         		CODE           	03B8	0000	26

pruebaI2C.c estimated size: 399

C:\Program Files\Microchip\xc8\v2.41\pic\sources\c90\common\awmod.c
		___awmod       		CODE           	04F6	0000	89

C:\Program Files\Microchip\xc8\v2.41\pic\sources\c90\common\awmod.c estimated size: 89

LCD.c
		_Lcd_Write_String		CODE           	03D2	0000	33
		_Lcd_Init      		CODE           	054F	0000	93
		_Lcd_Write_Char		CODE           	0443	0000	53
		_Lcd_Cmd       		CODE           	039E	0000	26
		_Lcd_Set_Cursor		CODE           	04B0	0000	70
		_Lcd_Port      		CODE           	03F3	0000	34

LCD.c estimated size: 309

