Microchip MPLAB XC8 Compiler V2.41

Linker command line:

-W-3 \
  --edf=C:\Program Files\Microchip\xc8\v2.41\pic\dat\20230208172133_en.msgs \
  -cn -h+dist/default/production\Kartdigital_code.X.production.sym \
  --cmf=dist/default/production\Kartdigital_code.X.production.cmf -z \
  -Q16F887 -oC:\Users\diego\AppData\Local\Temp\xcAse7k.\driver_tmp_3.o \
  --defsym=__MPLAB_BUILD=1 --fixupoverflow=error \
  -Mdist/default/production/Kartdigital_code.X.production.map \
  --md=C:\Users\diego\AppData\Local\Temp\xcAse7k.\driver_tmp_0.dat -E1 \
  -ver=XC8 Compiler --acfsm=1493 -ACODE=00h-07FFhx4 -ASTRCODE=00h-01FFFh \
  -ASTRING=00h-0FFhx32 -ACONST=00h-0FFhx32 -AENTRY=00h-0FFhx32 \
  -ACOMMON=070h-07Fh -ABANK0=020h-06Fh -ABANK1=0A0h-0EFh \
  -ABANK2=0110h-016Fh -ABANK3=0190h-01EFh \
  -ARAM=020h-06Fh,0A0h-0EFh,0110h-016Fh,0190h-01EFh \
  -AABS1=020h-07Fh,0A0h-0EFh,0110h-016Fh,0190h-01EFh -ASFR0=00h-01Fh \
  -ASFR1=080h-09Fh -ASFR2=0100h-010Fh -ASFR3=0180h-018Fh \
  -ACONFIG=02007h-02008h -DCONFIG=2 -AIDLOC=02000h-02003h -DIDLOC=2 \
  -AEEDATA=00h-0FFh/02100h -peeprom_data=EEDATA -DEEDATA=2 -DCODE=2 \
  -DSTRCODE=2 -DSTRING=2 -DCONST=2 -DENTRY=2 \
  -preset_vec=00h,intentry,init,end_init -ppowerup=CODE -pcinit=CODE \
  -pfunctab=ENTRY -k \
  C:\Users\diego\AppData\Local\Temp\xcAse7k.\driver_tmp_12.o \
  dist/default/production\Kartdigital_code.X.production.o 

Object code version is 3.11

Machine type is 16F887



                Name                               Link     Load   Length Selector   Space Scale
C:\Users\diego\AppData\Local\Temp\xcAse7k.\driver_tmp_12.o
                end_init                              0        0        3        0       0
                config                             2007     2007        2        0       4
                idloc                              2000     2000        4        0       5
dist/default/production\Kartdigital_code.X.production.o
                cinit                               7ED      7ED       13      FDA       0
                config                             2007     2007        2        0       4
                idloc                              2000     2000        4        0       5
                text11                              4CF      4CF       22      99E       0
                text10                              49B      49B       1A      936       0
                text9                               63F      63F       5D      C7E       0
                text8                               5A0      5A0       46      B40       0
                text7                               4F1      4F1       35      9E2       0
                text6                               55E      55E       42      ABC       0
                text5                               702      702       67      E04       0
                text4                               5E6      5E6       59      BCC       0
                text3                               69C      69C       66      D38       0
                text2                               526      526       38      A4C       0
                text1                               4B5      4B5       1A      96A       0
                maintext                            769      769       84      ED2       0
                cstackBANK0                          36       36        B       20       1
                cstackCOMMON                         70       70        E       70       1
                inittext                            472      472       13      8E4       0
                dataBANK0                            20       20       16       20       1
                bssBANK0                             41       41        1       20       1
                strings                               3        3       24        6       0
                idataBANK0                          485      485       16      90A       0

TOTAL           Name                               Link     Load   Length     Space
        CLASS   CODE           
                end_init                              0        0        3         0
                cinit                               7ED      7ED       13         0
                text11                              4CF      4CF       22         0
                text10                              49B      49B       1A         0
                text9                               63F      63F       5D         0
                text8                               5A0      5A0       46         0
                text7                               4F1      4F1       35         0
                text6                               55E      55E       42         0
                text5                               702      702       67         0
                text4                               5E6      5E6       59         0
                text3                               69C      69C       66         0
                text2                               526      526       38         0
                text1                               4B5      4B5       1A         0
                maintext                            769      769       84         0
                inittext                            472      472       13         0
                idataBANK0                          485      485       16         0

        CLASS   STRCODE        

        CLASS   STRING         
                strings                               3        3       24         0

        CLASS   CONST          

        CLASS   ENTRY          

        CLASS   COMMON         
                cstackCOMMON                         70       70        E         1

        CLASS   BANK0          
                cstackBANK0                          36       36        B         1
                dataBANK0                            20       20       16         1
                bssBANK0                             41       41        1         1

        CLASS   BANK1          

        CLASS   BANK2          

        CLASS   BANK3          

        CLASS   RAM            

        CLASS   ABS1           
                abs_s1                               7E       7E        2         1

        CLASS   SFR0           

        CLASS   SFR1           

        CLASS   SFR2           

        CLASS   SFR3           

        CLASS   CONFIG         
                config                             2007     2007        2         4

        CLASS   IDLOC          
                idloc                              2000     2000        4         5

        CLASS   EEDATA         

        CLASS   STACK          



SEGMENTS        Name                           Load    Length   Top    Selector   Space  Class     Delta

                reset_vec                      000000  000003  000003         0       0  CODE        2
                strings                        000003  000024  000027         6       0  STRING      2
                dataBANK0                      000020  000022  000042        20       1  BANK0       1
                cstackCOMMON                   000070  00000E  00007E        70       1  COMMON      1
                inittext                       000472  000013  000485       8E4       0  CODE        2
                idataBANK0                     000485  000016  00049B       90A       0  CODE        2
                text10                         00049B  00001A  0004B5       936       0  CODE        2
                text1                          0004B5  00001A  0004CF       96A       0  CODE        2
                text11                         0004CF  000022  0004F1       99E       0  CODE        2
                text7                          0004F1  000035  000526       9E2       0  CODE        2
                text2                          000526  000038  00055E       A4C       0  CODE        2
                text6                          00055E  000042  0005A0       ABC       0  CODE        2
                text8                          0005A0  000046  0005E6       B40       0  CODE        2
                text4                          0005E6  000059  00063F       BCC       0  CODE        2
                text9                          00063F  00005D  00069C       C7E       0  CODE        2
                text3                          00069C  000066  000702       D38       0  CODE        2
                text5                          000702  000067  000769       E04       0  CODE        2
                maintext                       000769  000084  0007ED       ED2       0  CODE        2
                cinit                          0007ED  000013  000800       FDA       0  CODE        2


UNUSED ADDRESS RANGES

        Name                Unused          Largest block    Delta
        BANK0            0042-006F             2E           1
        BANK1            00A0-00EF             50           1
        BANK2            0110-016F             60           1
        BANK3            0190-01EF             60           1
        CODE             0027-0471            44B           2
                         0800-1FFF            800
        CONST            0027-0471            100           2
                         0800-1FFF            100
        EEDATA           2100-21FF            100           2
        ENTRY            0027-0471            100           2
                         0800-1FFF            100
        RAM              0042-006F             2E           1
                         00A0-00EF             50
                         0110-016F             60
                         0190-01EF             60
        SFR0             0000-001F             20           1
        SFR1             0080-009F             20           1
        SFR2             0100-010F             10           1
        SFR3             0180-018F             10           1
        STRCODE          0027-0471            44B           2
                         0800-1FFF           1800
        STRING           0027-0471            100           2
                         0800-1FFF            100

                                  Symbol Table

?___awdiv                 cstackCOMMON 0070
?___awmod                 cstackCOMMON 0070
?___lldiv                 cstackCOMMON 0070
I2C_Master_Init@c         cstackBANK0  0036
Lcd_Cmd@a                 cstackCOMMON 0073
Lcd_Port@a                cstackCOMMON 0070
Lcd_Set_Cursor@a          cstackCOMMON 0076
Lcd_Set_Cursor@b          cstackCOMMON 0074
Lcd_Set_Cursor@temp       cstackCOMMON 0079
Lcd_Set_Cursor@y          cstackCOMMON 0078
Lcd_Set_Cursor@z          cstackCOMMON 0077
Lcd_Write_Char@a          cstackCOMMON 0074
Lcd_Write_Char@temp       cstackCOMMON 0072
Lcd_Write_Char@y          cstackCOMMON 0073
Lcd_Write_String@a        cstackCOMMON 0075
Lcd_Write_String@i        cstackCOMMON 007A
_ANSEL                    (abs)        0188
_ANSELH                   (abs)        0189
_CREN                     (abs)        00C4
_GIE                      (abs)        005F
_I2C_Master_Init          text2        0526
_Lcd_Cmd                  text10       049B
_Lcd_Init                 text9        063F
_Lcd_Port                 text11       04CF
_Lcd_Set_Cursor           text8        05A0
_Lcd_Write_Char           text7        04F1
_Lcd_Write_String         text6        055E
_OERR                     (abs)        00C1
_PEIE                     (abs)        005E
_PORTB                    (abs)        0006
_PORTD                    (abs)        0008
_PORTDbits                (abs)        0008
_RCIF                     (abs)        0065
_RCREG                    (abs)        001A
_RCSTA                    (abs)        0018
_RD3                      (abs)        0043
_RD4                      (abs)        0044
_RD5                      (abs)        0045
_RD6                      (abs)        0046
_RD7                      (abs)        0047
_SPBRG                    (abs)        0099
_SSPADD                   (abs)        0093
_SSPBUF                   (abs)        0013
_SSPCON                   (abs)        0014
_SSPCON2                  (abs)        0091
_SSPCON2bits              (abs)        0091
_SSPIE                    (abs)        0463
_SSPIF                    (abs)        0063
_SSPSTAT                  (abs)        0094
_TRISB                    (abs)        0086
_TRISC3                   (abs)        043B
_TRISC4                   (abs)        043C
_TRISCbits                (abs)        0087
_TRISD                    (abs)        0088
_TRMT                     (abs)        04C1
_TXREG                    (abs)        0019
_TXSTA                    (abs)        0098
__H__absolute__           __absolute__ 0000
__Habs1                   abs1         0000
__Hbank0                  bank0        0000
__Hbank1                  bank1        0000
__Hbank2                  bank2        0000
__Hbank3                  bank3        0000
__HbssBANK0               bssBANK0     0000
__Hcinit                  cinit        0800
__Hclrtext                clrtext      0000
__Hcode                   code         0000
__Hcommon                 common       0000
__Hconfig                 config       2009
__HcstackBANK0            cstackBANK0  0000
__HcstackCOMMON           cstackCOMMON 0000
__HdataBANK0              dataBANK0    0000
__Heeprom_data            eeprom_data  0000
__Hend_init               end_init     0003
__Hfunctab                functab      0000
__HidataBANK0             idataBANK0   0000
__Hidloc                  idloc        2004
__Hinit                   init         0000
__Hinittext               inittext     0000
__Hintentry               intentry     0000
__Hmaintext               maintext     0000
__Hpowerup                powerup      0000
__Hram                    ram          0000
__Hreset_vec              reset_vec    0000
__Hsfr0                   sfr0         0000
__Hsfr1                   sfr1         0000
__Hsfr2                   sfr2         0000
__Hsfr3                   sfr3         0000
__Hspace_0                (abs)        0800
__Hspace_1                (abs)        007E
__Hspace_2                (abs)        0000
__Hspace_3                (abs)        0000
__Hspace_4                (abs)        4010
__Hstack                  stack        0000
__Hstrings                strings      0000
__Htext                   text         0000
__L__absolute__           __absolute__ 0000
__Labs1                   abs1         0000
__Lbank0                  bank0        0000
__Lbank1                  bank1        0000
__Lbank2                  bank2        0000
__Lbank3                  bank3        0000
__LbssBANK0               bssBANK0     0000
__Lcinit                  cinit        07ED
__Lclrtext                clrtext      0000
__Lcode                   code         0000
__Lcommon                 common       0000
__Lconfig                 config       0000
__LcstackBANK0            cstackBANK0  0000
__LcstackCOMMON           cstackCOMMON 0000
__LdataBANK0              dataBANK0    0000
__Leeprom_data            eeprom_data  0000
__Lend_init               end_init     0000
__Lfunctab                functab      0000
__LidataBANK0             idataBANK0   0000
__Lidloc                  idloc        0000
__Linit                   init         0000
__Linittext               inittext     0000
__Lintentry               intentry     0000
__Lmaintext               maintext     0000
__Lpowerup                powerup      0000
__Lram                    ram          0000
__Lreset_vec              reset_vec    0000
__Lsfr0                   sfr0         0000
__Lsfr1                   sfr1         0000
__Lsfr2                   sfr2         0000
__Lsfr3                   sfr3         0000
__Lspace_0                (abs)        0000
__Lspace_1                (abs)        0000
__Lspace_2                (abs)        0000
__Lspace_3                (abs)        0000
__Lspace_4                (abs)        0000
__Lstack                  stack        0000
__Lstrings                strings      0000
__Ltext                   text         0000
__S0                      (abs)        0800
__S1                      (abs)        007E
__S3                      (abs)        0000
___awdiv                  text5        0702
___awdiv@counter          cstackCOMMON 0074
___awdiv@dividend         cstackCOMMON 0072
___awdiv@divisor          cstackCOMMON 0070
___awdiv@quotient         cstackCOMMON 0076
___awdiv@sign             cstackCOMMON 0075
___awmod                  text4        05E6
___awmod@counter          cstackCOMMON 0074
___awmod@dividend         cstackCOMMON 0072
___awmod@divisor          cstackCOMMON 0070
___awmod@sign             cstackCOMMON 0075
___int_sp                 stack        0000
___latbits                (abs)        0002
___lldiv                  text3        069C
___lldiv@counter          cstackCOMMON 007D
___lldiv@dividend         cstackCOMMON 0074
___lldiv@divisor          cstackCOMMON 0070
___lldiv@quotient         cstackCOMMON 0079
___sp                     stack        0000
___stackhi                (abs)        0000
___stacklo                (abs)        0000
__end_of_I2C_Master_Init  text2        055E
__end_of_Lcd_Cmd          text10       04B5
__end_of_Lcd_Init         text9        069C
__end_of_Lcd_Port         text11       04F1
__end_of_Lcd_Set_Cursor   text8        05E6
__end_of_Lcd_Write_Char   text7        0526
__end_of_Lcd_Write_String text6        05A0
__end_of___awdiv          text5        0769
__end_of___awmod          text4        063F
__end_of___lldiv          text3        0702
__end_of__initialization  cinit        07FC
__end_of__stringtab       strings      0013
__end_of_main             maintext     07ED
__end_of_message          strings      0022
__end_of_setup            text1        04CF
__initialization          cinit        07ED
__pbssBANK0               bssBANK0     0041
__pcstackBANK0            cstackBANK0  0036
__pcstackCOMMON           cstackCOMMON 0070
__pdataBANK0              dataBANK0    0020
__pidataBANK0             idataBANK0   0485
__pmaintext               maintext     0769
__pstrings                strings      0003
__ptext1                  text1        04B5
__ptext10                 text10       049B
__ptext11                 text11       04CF
__ptext2                  text2        0526
__ptext3                  text3        069C
__ptext4                  text4        05E6
__ptext5                  text5        0702
__ptext6                  text6        055E
__ptext7                  text7        04F1
__ptext8                  text8        05A0
__ptext9                  text9        063F
__stringbase              strings      0012
__stringtab               strings      0003
_datos                    dataBANK0    0024
_main                     maintext     0769
_setup                    text1        04B5
btemp                     (abs)        007E
end_of_initialization     cinit        07FC
init_fetch0               inittext     0472
init_ram0                 inittext     0476
intlevel0                 functab      0000
intlevel1                 functab      0000
intlevel2                 functab      0000
intlevel3                 functab      0000
intlevel4                 functab      0000
intlevel5                 functab      0000
reset_vec                 reset_vec    0000
start                     init         0000
start_initialization      cinit        07ED
wtemp0                    (abs)        007E


MODULE INFORMATION

Module		Function		Class		Link	Load	Size
C:\Program Files\Microchip\xc8\v2.41\pic\sources\c90\common\awdiv.c
		___awdiv       		CODE           	0702	0000	103

C:\Program Files\Microchip\xc8\v2.41\pic\sources\c90\common\awdiv.c estimated size: 103

C:\Program Files\Microchip\xc8\v2.41\pic\sources\c90\common\__lldiv.c
		___lldiv       		CODE           	069C	0000	102

C:\Program Files\Microchip\xc8\v2.41\pic\sources\c90\common\__lldiv.c estimated size: 102

I2C.c
		_I2C_Master_Init		CODE           	0526	0000	56

I2C.c estimated size: 56

shared
		__stringtab    		STRING         	0003	0000	16
		__initialization		CODE           	07ED	0000	15
		_message       		STRING         	0000	0000	0

shared estimated size: 31

pruebaI2C.c
		_main          		CODE           	0769	0000	132
		_setup         		CODE           	04B5	0000	26

pruebaI2C.c estimated size: 158

C:\Program Files\Microchip\xc8\v2.41\pic\sources\c90\common\awmod.c
		___awmod       		CODE           	05E6	0000	89

C:\Program Files\Microchip\xc8\v2.41\pic\sources\c90\common\awmod.c estimated size: 89

LCD.c
		_Lcd_Write_String		CODE           	055E	0000	66
		_Lcd_Init      		CODE           	063F	0000	93
		_Lcd_Write_Char		CODE           	04F1	0000	53
		_Lcd_Cmd       		CODE           	049B	0000	26
		_Lcd_Set_Cursor		CODE           	05A0	0000	70
		_Lcd_Port      		CODE           	04CF	0000	34

LCD.c estimated size: 342

