Microchip MPLAB XC8 Compiler V2.40

Linker command line:

-W-3 \
  --edf=C:\Program Files\Microchip\xc8\v2.40\pic\dat\20220703182018_en.msgs \
  -cn -h+dist/default/production\Kartdigital_code.X.production.sym \
  --cmf=dist/default/production\Kartdigital_code.X.production.cmf -z \
  -Q16F887 -oC:\Users\Diego\AppData\Local\Temp\xcAsgvo.4 \
  --defsym=__MPLAB_BUILD=1 --fixupoverflow=error \
  -Mdist/default/production/Kartdigital_code.X.production.map \
  --md=C:\Users\Diego\AppData\Local\Temp\xcAsgvo.dat -E1 -ver=XC8 Compiler \
  --acfsm=1493 -ACODE=00h-07FFhx4 -ASTRCODE=00h-01FFFh -ASTRING=00h-0FFhx32 \
  -ACONST=00h-0FFhx32 -AENTRY=00h-0FFhx32 -ACOMMON=070h-07Fh \
  -ABANK0=020h-06Fh -ABANK1=0A0h-0EFh -ABANK2=0110h-016Fh \
  -ABANK3=0190h-01EFh -ARAM=020h-06Fh,0A0h-0EFh,0110h-016Fh,0190h-01EFh \
  -AABS1=020h-07Fh,0A0h-0EFh,0110h-016Fh,0190h-01EFh -ASFR0=00h-01Fh \
  -ASFR1=080h-09Fh -ASFR2=0100h-010Fh -ASFR3=0180h-018Fh \
  -ACONFIG=02007h-02008h -DCONFIG=2 -AIDLOC=02000h-02003h -DIDLOC=2 \
  -AEEDATA=00h-0FFh/02100h -peeprom_data=EEDATA -DEEDATA=2 -DCODE=2 \
  -DSTRCODE=2 -DSTRING=2 -DCONST=2 -DENTRY=2 \
  -preset_vec=00h,intentry=04h,init,end_init -ppowerup=CODE -pcinit=CODE \
  -pfunctab=ENTRY -k C:\Users\Diego\AppData\Local\Temp\xcAsgvo.o \
  dist/default/production\Kartdigital_code.X.production.o 

Object code version is 3.11

Machine type is 16F887



                Name                               Link     Load   Length Selector   Space Scale
C:\Users\Diego\AppData\Local\Temp\xcAsgvo.o
                end_init                              E        E        3        8       0
                reset_vec                             0        0        3        0       0
                config                             2007     2007        2        0       4
                idloc                              2000     2000        4        0       5
dist/default/production\Kartdigital_code.X.production.o
                cinit                                11       11        B        8       0
                intentry                              4        4        A        8       0
                config                             2007     2007        2        0       4
                idloc                              2000     2000        4        0       5
                text12                               DF       DF       67        8       0
                text11                              1A8      1A8       51        8       0
                text10                              399      399       20        8       0
                text9                               3B9      3B9       1C        8       0
                text8                               146      146       62        8       0
                text7                               245      245       4C        8       0
                text6                               313      313       39        8       0
                text5                               374      374       25        8       0
                text4                               34C      34C       28        8       0
                text3                               291      291       46        8       0
                text2                               2D7      2D7       3C        8       0
                text1                                1C       1C       C3        8       0
                maintext                            1F9      1F9       4C        8       0
                cstackBANK0                          20       20       30       20       1
                cstackCOMMON                         70       70        E       70       1
                bssBANK0                             50       50        5       20       1
                strings                             3D5      3D5       13      7AA       0

TOTAL           Name                               Link     Load   Length     Space
        CLASS   CODE           
                end_init                              E        E        3         0
                cinit                                11       11        B         0
                intentry                              4        4        A         0
                reset_vec                             0        0        3         0
                text12                               DF       DF       67         0
                text11                              1A8      1A8       51         0
                text10                              399      399       20         0
                text9                               3B9      3B9       1C         0
                text8                               146      146       62         0
                text7                               245      245       4C         0
                text6                               313      313       39         0
                text5                               374      374       25         0
                text4                               34C      34C       28         0
                text3                               291      291       46         0
                text2                               2D7      2D7       3C         0
                text1                                1C       1C       C3         0
                maintext                            1F9      1F9       4C         0

        CLASS   STRCODE        

        CLASS   STRING         
                strings                             3D5      3D5       13         0

        CLASS   CONST          

        CLASS   ENTRY          

        CLASS   COMMON         
                cstackCOMMON                         70       70        E         1

        CLASS   BANK0          
                cstackBANK0                          20       20       30         1
                bssBANK0                             50       50        5         1

        CLASS   BANK1          

        CLASS   BANK2          

        CLASS   BANK3          

        CLASS   RAM            

        CLASS   ABS1           
                abs_s1                               7E       7E        2         1

        CLASS   SFR0           

        CLASS   SFR1           

        CLASS   SFR2           

        CLASS   SFR3           

        CLASS   CONFIG         
                config                             2007     2007        2         4

        CLASS   IDLOC          
                idloc                              2000     2000        4         5

        CLASS   EEDATA         

        CLASS   STACK          



SEGMENTS        Name                           Load    Length   Top    Selector   Space  Class     Delta

                reset_vec                      000000  000003  000003         0       0  CODE        2
                intentry                       000004  0003D1  0003D5         8       0  CODE        2
                cstackBANK0                    000020  000035  000055        20       1  BANK0       1
                cstackCOMMON                   000070  00000E  00007E        70       1  COMMON      1
                strings                        0003D5  000013  0003E8       7AA       0  STRING      2


UNUSED ADDRESS RANGES

        Name                Unused          Largest block    Delta
        BANK0            0055-006F             1B           1
        BANK1            00A0-00EF             50           1
        BANK2            0110-016F             60           1
        BANK3            0190-01EF             60           1
        CODE             0003-0003              1           2
                         03E8-1FFF            800
        CONST            0003-0003              1           2
                         03E8-1FFF            100
        EEDATA           2100-21FF            100           2
        ENTRY            0003-0003              1           2
                         03E8-1FFF            100
        RAM              0055-006F             1B           1
                         00A0-00EF             50
                         0110-016F             60
                         0190-01EF             60
        SFR0             0000-001F             20           1
        SFR1             0080-009F             20           1
        SFR2             0100-010F             10           1
        SFR3             0180-018F             10           1
        STRCODE          0003-0003              1           2
                         03E8-1FFF           1C18
        STRING           0003-0003              1           2
                         03E8-1FFF            100

                                  Symbol Table

?___awdiv                 cstackCOMMON 0070
?___lwdiv                 cstackBANK0  0020
?___lwmod                 cstackBANK0  0028
?_sprintf                 cstackBANK0  002E
Lcd_Cmd@a                 cstackBANK0  0023
Lcd_Port@a                cstackBANK0  0020
Lcd_Set_Cursor@a          cstackBANK0  0026
Lcd_Set_Cursor@b          cstackBANK0  0024
Lcd_Set_Cursor@temp       cstackBANK0  0029
Lcd_Set_Cursor@y          cstackBANK0  0028
Lcd_Set_Cursor@z          cstackBANK0  0027
Lcd_Write_Char@a          cstackBANK0  0024
Lcd_Write_Char@temp       cstackBANK0  0022
Lcd_Write_Char@y          cstackBANK0  0023
Lcd_Write_String@a        cstackBANK0  0028
Lcd_Write_String@i        cstackBANK0  0026
_ANSEL                    (abs)        0188
_ANSELH                   (abs)        0189
_GIE                      (abs)        005F
_INTCONbits               (abs)        000B
_Lcd_Cmd                  text9        03B9
_Lcd_Init                 text8        0146
_Lcd_Port                 text10       0399
_Lcd_Set_Cursor           text7        0245
_Lcd_Write_Char           text6        0313
_Lcd_Write_String         text5        0374
_OPTION_REGbits           (abs)        0081
_OSCCONbits               (abs)        008F
_PEIE                     (abs)        005E
_PORTA                    (abs)        0005
_PORTBbits                (abs)        0006
_PORTC                    (abs)        0007
_PORTD                    (abs)        0008
_PORTDbits                (abs)        0008
_RB0                      (abs)        0030
_RB1                      (abs)        0031
_RD3                      (abs)        0043
_RD4                      (abs)        0044
_RD5                      (abs)        0045
_RD6                      (abs)        0046
_RD7                      (abs)        0047
_SSPADD                   (abs)        0093
_SSPBUF                   (abs)        0013
_SSPCON                   (abs)        0014
_SSPCON2                  (abs)        0091
_SSPCON2bits              (abs)        0091
_SSPIE                    (abs)        0463
_SSPIF                    (abs)        0063
_SSPSTAT                  (abs)        0094
_TMR0                     (abs)        0001
_TRISA                    (abs)        0085
_TRISB                    (abs)        0086
_TRISC3                   (abs)        043B
_TRISC4                   (abs)        043C
_TRISC6                   (abs)        043E
_TRISC7                   (abs)        043F
_TRISCbits                (abs)        0087
_TRISD                    (abs)        0088
_WPUB                     (abs)        0095
__Habs1                   abs1         0000
__Hbank0                  bank0        0000
__Hbank1                  bank1        0000
__Hbank2                  bank2        0000
__Hbank3                  bank3        0000
__HbssBANK0               bssBANK0     0000
__Hcinit                  cinit        001C
__Hclrtext                clrtext      0000
__Hcode                   code         0000
__Hcommon                 common       0000
__Hconfig                 config       2009
__HcstackBANK0            cstackBANK0  0000
__HcstackCOMMON           cstackCOMMON 0000
__Heeprom_data            eeprom_data  0000
__Hend_init               end_init     0011
__Hfunctab                functab      0000
__Hidloc                  idloc        2004
__Hinit                   init         000E
__Hintentry               intentry     000E
__Hmaintext               maintext     0000
__Hpowerup                powerup      0000
__Hram                    ram          0000
__Hreset_vec              reset_vec    0003
__Hsfr0                   sfr0         0000
__Hsfr1                   sfr1         0000
__Hsfr2                   sfr2         0000
__Hsfr3                   sfr3         0000
__Hspace_0                (abs)        03E8
__Hspace_1                (abs)        007E
__Hspace_2                (abs)        0000
__Hspace_3                (abs)        0000
__Hspace_4                (abs)        4010
__Hstack                  stack        0000
__Hstrings                strings      0000
__Htext                   text         0000
__Labs1                   abs1         0000
__Lbank0                  bank0        0000
__Lbank1                  bank1        0000
__Lbank2                  bank2        0000
__Lbank3                  bank3        0000
__LbssBANK0               bssBANK0     0000
__Lcinit                  cinit        0011
__Lclrtext                clrtext      0000
__Lcode                   code         0000
__Lcommon                 common       0000
__Lconfig                 config       0000
__LcstackBANK0            cstackBANK0  0000
__LcstackCOMMON           cstackCOMMON 0000
__Leeprom_data            eeprom_data  0000
__Lend_init               end_init     000E
__Lfunctab                functab      0000
__Lidloc                  idloc        0000
__Linit                   init         000E
__Lintentry               intentry     0004
__Lmaintext               maintext     0000
__Lpowerup                powerup      0000
__Lram                    ram          0000
__Lreset_vec              reset_vec    0000
__Lsfr0                   sfr0         0000
__Lsfr1                   sfr1         0000
__Lsfr2                   sfr2         0000
__Lsfr3                   sfr3         0000
__Lspace_0                (abs)        0000
__Lspace_1                (abs)        0000
__Lspace_2                (abs)        0000
__Lspace_3                (abs)        0000
__Lspace_4                (abs)        0000
__Lstack                  stack        0000
__Lstrings                strings      0000
__Ltext                   text         0000
__S0                      (abs)        03E8
__S1                      (abs)        007E
__S3                      (abs)        0000
___awdiv                  text12       00DF
___awdiv@counter          cstackCOMMON 0075
___awdiv@dividend         cstackCOMMON 0072
___awdiv@divisor          cstackCOMMON 0070
___awdiv@quotient         cstackCOMMON 0077
___awdiv@sign             cstackCOMMON 0076
___int_sp                 stack        0000
___latbits                (abs)        0002
___lwdiv                  text3        0291
___lwdiv@counter          cstackBANK0  0027
___lwdiv@dividend         cstackBANK0  0022
___lwdiv@divisor          cstackBANK0  0020
___lwdiv@quotient         cstackBANK0  0025
___lwmod                  text2        02D7
___lwmod@counter          cstackBANK0  002D
___lwmod@dividend         cstackBANK0  002A
___lwmod@divisor          cstackBANK0  0028
___sp                     stack        0000
___stackhi                (abs)        0000
___stacklo                (abs)        0000
__end_of_Lcd_Cmd          text9        03D5
__end_of_Lcd_Init         text8        01A8
__end_of_Lcd_Port         text10       03B9
__end_of_Lcd_Set_Cursor   text7        0291
__end_of_Lcd_Write_Char   text6        034C
__end_of_Lcd_Write_String text5        0399
__end_of___awdiv          text12       0146
__end_of___lwdiv          text3        02D7
__end_of___lwmod          text2        0313
__end_of__initialization  cinit        0018
__end_of__stringtab       strings      03DB
__end_of_dpowers          strings      03E5
__end_of_isr              text11       01F9
__end_of_main             maintext     0245
__end_of_setup            text4        0374
__end_of_sprintf          text1        00DF
__initialization          cinit        0011
__pbssBANK0               bssBANK0     0050
__pcstackBANK0            cstackBANK0  0020
__pcstackCOMMON           cstackCOMMON 0070
__pintentry               intentry     0004
__pmaintext               maintext     01F9
__pstrings                strings      03D5
__ptext1                  text1        001C
__ptext10                 text10       0399
__ptext11                 text11       01A8
__ptext12                 text12       00DF
__ptext2                  text2        02D7
__ptext3                  text3        0291
__ptext4                  text4        034C
__ptext5                  text5        0374
__ptext6                  text6        0313
__ptext7                  text7        0245
__ptext8                  text8        0146
__ptext9                  text9        03B9
__stringbase              strings      03DA
__stringtab               strings      03D5
_a                        bssBANK0     0054
_b                        bssBANK0     0052
_dpowers                  strings      03DB
_isr                      text11       01A8
_main                     maintext     01F9
_rpm                      bssBANK0     0050
_setup                    text4        034C
_sprintf                  text1        001C
btemp                     (abs)        007E
end_of_initialization     cinit        0018
interrupt_function        intentry     0004
intlevel0                 functab      0000
intlevel1                 functab      0000
intlevel2                 functab      0000
intlevel3                 functab      0000
intlevel4                 functab      0000
intlevel5                 functab      0000
main@s                    cstackBANK0  003C
reset_vec                 reset_vec    0000
saved_w                   (abs)        007E
sprintf@ap                cstackBANK0  0035
sprintf@c                 cstackBANK0  003A
sprintf@f                 cstackBANK0  002E
sprintf@flag              cstackBANK0  0034
sprintf@prec              cstackBANK0  0038
sprintf@sp                cstackBANK0  0039
sprintf@val               cstackBANK0  0036
start                     init         000E
start_initialization      cinit        0011
wtemp0                    (abs)        007E


MODULE INFORMATION

Module		Function		Class		Link	Load	Size
C:\Program Files\Microchip\xc8\v2.40\pic\sources\c90\common\awdiv.c
		___awdiv       		CODE           	00DF	0000	103

C:\Program Files\Microchip\xc8\v2.40\pic\sources\c90\common\awdiv.c estimated size: 103

C:\Program Files\Microchip\xc8\v2.40\pic\sources\c90\common\doprnt.c
		_sprintf       		CODE           	001C	0000	195

C:\Program Files\Microchip\xc8\v2.40\pic\sources\c90\common\doprnt.c estimated size: 195

C:\Program Files\Microchip\xc8\v2.40\pic\sources\c90\common\lwmod.c
		___lwmod       		CODE           	02D7	0000	60

C:\Program Files\Microchip\xc8\v2.40\pic\sources\c90\common\lwmod.c estimated size: 60

shared
		__stringtab    		STRING         	03D5	0000	6
		_dpowers       		STRING         	03DB	0000	10
		__initialization		CODE           	0011	0000	7

shared estimated size: 23

HC89_prueba.c
		_main          		CODE           	01F9	0000	76
		_isr           		CODE           	01A8	0000	81
		_setup         		CODE           	034C	0000	40

HC89_prueba.c estimated size: 197

C:\Program Files\Microchip\xc8\v2.40\pic\sources\c90\common\lwdiv.c
		___lwdiv       		CODE           	0291	0000	70

C:\Program Files\Microchip\xc8\v2.40\pic\sources\c90\common\lwdiv.c estimated size: 70

LCD.c
		_Lcd_Write_String		CODE           	0374	0000	37
		_Lcd_Init      		CODE           	0146	0000	98
		_Lcd_Write_Char		CODE           	0313	0000	57
		_Lcd_Cmd       		CODE           	03B9	0000	28
		_Lcd_Set_Cursor		CODE           	0245	0000	76
		_Lcd_Port      		CODE           	0399	0000	32

LCD.c estimated size: 328

